2025-06-04T21:51:38.5812413Z Current runner version: '2.325.0'
2025-06-04T21:51:38.5846880Z ##[group]Runner Image Provisioner
2025-06-04T21:51:38.5848235Z Hosted Compute Agent
2025-06-04T21:51:38.5849091Z Version: 20250508.323
2025-06-04T21:51:38.5850000Z Commit: 81b259f29879f73b4213d199e42d8c3465dae986
2025-06-04T21:51:38.5851005Z Build Date: 2025-05-08T19:40:08Z
2025-06-04T21:51:38.5852100Z ##[endgroup]
2025-06-04T21:51:38.5852919Z ##[group]Operating System
2025-06-04T21:51:38.5853758Z Ubuntu
2025-06-04T21:51:38.5854596Z 24.04.2
2025-06-04T21:51:38.5855571Z LTS
2025-06-04T21:51:38.5856227Z ##[endgroup]
2025-06-04T21:51:38.5857092Z ##[group]Runner Image
2025-06-04T21:51:38.5858046Z Image: ubuntu-24.04
2025-06-04T21:51:38.5858804Z Version: 20250511.1.0
2025-06-04T21:51:38.5860587Z Included Software: https://github.com/actions/runner-images/blob/ubuntu24/20250511.1/images/ubuntu/Ubuntu2404-Readme.md
2025-06-04T21:51:38.5863116Z Image Release: https://github.com/actions/runner-images/releases/tag/ubuntu24%2F20250511.1
2025-06-04T21:51:38.5865019Z ##[endgroup]
2025-06-04T21:51:38.5866656Z ##[group]GITHUB_TOKEN Permissions
2025-06-04T21:51:38.5869230Z Contents: read
2025-06-04T21:51:38.5870075Z Metadata: read
2025-06-04T21:51:38.5870817Z ##[endgroup]
2025-06-04T21:51:38.5873881Z Secret source: Actions
2025-06-04T21:51:38.5875250Z Prepare workflow directory
2025-06-04T21:51:38.6654975Z Prepare all required actions
2025-06-04T21:51:38.6711539Z Getting action download info
2025-06-04T21:51:38.9736218Z ##[group]Download immutable action package 'actions/checkout@v4'
2025-06-04T21:51:38.9737369Z Version: 4.2.2
2025-06-04T21:51:38.9738389Z Digest: sha256:ccb2698953eaebd21c7bf6268a94f9c26518a7e38e27e0b83c1fe1ad049819b1
2025-06-04T21:51:38.9739761Z Source commit SHA: 11bd71901bbe5b1630ceea73d27597364c9af683
2025-06-04T21:51:38.9740551Z ##[endgroup]
2025-06-04T21:51:39.0550740Z ##[group]Download immutable action package 'actions/setup-node@v4'
2025-06-04T21:51:39.0551574Z Version: 4.4.0
2025-06-04T21:51:39.0552452Z Digest: sha256:9427cefe82346e992fb5b949e3569b39d537ae41aa3086483b14eceebfc16bc1
2025-06-04T21:51:39.0553513Z Source commit SHA: 49933ea5288caeca8642d1e84afbd3f7d6820020
2025-06-04T21:51:39.0554227Z ##[endgroup]
2025-06-04T21:51:39.1430544Z Download action repository 'pnpm/action-setup@v4' (SHA:a7487c7e89a18df4991f7f222e4898a00d66ddda)
2025-06-04T21:51:39.4377324Z ##[group]Download immutable action package 'actions/cache@v4'
2025-06-04T21:51:39.4378045Z Version: 4.2.3
2025-06-04T21:51:39.4378736Z Digest: sha256:c8a3bb963e1f1826d8fcc8d1354f0dd29d8ac1db1d4f6f20247055ae11b81ed9
2025-06-04T21:51:39.4379671Z Source commit SHA: 5a3ec84eff668545956fd18022155c47e93e2684
2025-06-04T21:51:39.4380310Z ##[endgroup]
2025-06-04T21:51:39.6057967Z Complete job name: Dependency Vulnerability Check
2025-06-04T21:51:39.6696716Z ##[group]Run actions/checkout@v4
2025-06-04T21:51:39.6697639Z with:
2025-06-04T21:51:39.6698055Z   submodules: recursive
2025-06-04T21:51:39.6698559Z   repository: nochadisfaction/pixelated
2025-06-04T21:51:39.6699351Z   token: ***
2025-06-04T21:51:39.6699782Z   ssh-strict: true
2025-06-04T21:51:39.6700215Z   ssh-user: git
2025-06-04T21:51:39.6700639Z   persist-credentials: true
2025-06-04T21:51:39.6701105Z   clean: true
2025-06-04T21:51:39.6701523Z   sparse-checkout-cone-mode: true
2025-06-04T21:51:39.6702035Z   fetch-depth: 1
2025-06-04T21:51:39.6702444Z   fetch-tags: false
2025-06-04T21:51:39.6702890Z   show-progress: true
2025-06-04T21:51:39.6703340Z   lfs: false
2025-06-04T21:51:39.6703744Z   set-safe-directory: true
2025-06-04T21:51:39.6704411Z env:
2025-06-04T21:51:39.6705060Z   PNPM_HOME: /home/runner/work/pixelated/pixelated/.pnpm
2025-06-04T21:51:39.6705722Z   REDIS_URL: redis://localhost:6379
2025-06-04T21:51:39.6706247Z   REDIS_KEY_PREFIX: test:
2025-06-04T21:51:39.6706762Z   VITEST_TIMEOUT: 30000
2025-06-04T21:51:39.6707215Z   SKIP_REDIS_TESTS: true
2025-06-04T21:51:39.6707708Z   SKIP_FHE_TESTS: true
2025-06-04T21:51:39.6708169Z   SKIP_BROWSER_COMPAT_TESTS: true
2025-06-04T21:51:39.6708672Z ##[endgroup]
2025-06-04T21:51:39.7835019Z Syncing repository: nochadisfaction/pixelated
2025-06-04T21:51:39.7838704Z ##[group]Getting Git version info
2025-06-04T21:51:39.7840098Z Working directory is '/home/runner/work/pixelated/pixelated'
2025-06-04T21:51:39.7842001Z [command]/usr/bin/git version
2025-06-04T21:51:39.7914975Z git version 2.49.0
2025-06-04T21:51:39.7941952Z ##[endgroup]
2025-06-04T21:51:39.7958289Z Temporarily overriding HOME='/home/runner/work/_temp/e6f9fa98-e5ec-4556-8c3a-db8d06ba64aa' before making global git config changes
2025-06-04T21:51:39.7960954Z Adding repository directory to the temporary git global config as a safe directory
2025-06-04T21:51:39.7965237Z [command]/usr/bin/git config --global --add safe.directory /home/runner/work/pixelated/pixelated
2025-06-04T21:51:39.8003536Z Deleting the contents of '/home/runner/work/pixelated/pixelated'
2025-06-04T21:51:39.8007853Z ##[group]Initializing the repository
2025-06-04T21:51:39.8012545Z [command]/usr/bin/git init /home/runner/work/pixelated/pixelated
2025-06-04T21:51:39.8088952Z hint: Using 'master' as the name for the initial branch. This default branch name
2025-06-04T21:51:39.8090395Z hint: is subject to change. To configure the initial branch name to use in all
2025-06-04T21:51:39.8091386Z hint: of your new repositories, which will suppress this warning, call:
2025-06-04T21:51:39.8092157Z hint:
2025-06-04T21:51:39.8093071Z hint: 	git config --global init.defaultBranch <name>
2025-06-04T21:51:39.8094194Z hint:
2025-06-04T21:51:39.8095415Z hint: Names commonly chosen instead of 'master' are 'main', 'trunk' and
2025-06-04T21:51:39.8097057Z hint: 'development'. The just-created branch can be renamed via this command:
2025-06-04T21:51:39.8098077Z hint:
2025-06-04T21:51:39.8098489Z hint: 	git branch -m <name>
2025-06-04T21:51:39.8099287Z Initialized empty Git repository in /home/runner/work/pixelated/pixelated/.git/
2025-06-04T21:51:39.8109505Z [command]/usr/bin/git remote add origin https://github.com/nochadisfaction/pixelated
2025-06-04T21:51:39.8144592Z ##[endgroup]
2025-06-04T21:51:39.8145610Z ##[group]Disabling automatic garbage collection
2025-06-04T21:51:39.8148820Z [command]/usr/bin/git config --local gc.auto 0
2025-06-04T21:51:39.8177345Z ##[endgroup]
2025-06-04T21:51:39.8178051Z ##[group]Setting up auth
2025-06-04T21:51:39.8184504Z [command]/usr/bin/git config --local --name-only --get-regexp core\.sshCommand
2025-06-04T21:51:39.8216601Z [command]/usr/bin/git submodule foreach --recursive sh -c "git config --local --name-only --get-regexp 'core\.sshCommand' && git config --local --unset-all 'core.sshCommand' || :"
2025-06-04T21:51:39.8520928Z [command]/usr/bin/git config --local --name-only --get-regexp http\.https\:\/\/github\.com\/\.extraheader
2025-06-04T21:51:39.8556688Z [command]/usr/bin/git submodule foreach --recursive sh -c "git config --local --name-only --get-regexp 'http\.https\:\/\/github\.com\/\.extraheader' && git config --local --unset-all 'http.https://github.com/.extraheader' || :"
2025-06-04T21:51:39.8786197Z [command]/usr/bin/git config --local http.https://github.com/.extraheader AUTHORIZATION: basic ***
2025-06-04T21:51:39.8829927Z ##[endgroup]
2025-06-04T21:51:39.8831238Z ##[group]Fetching the repository
2025-06-04T21:51:39.8840714Z [command]/usr/bin/git -c protocol.version=2 fetch --no-tags --prune --no-recurse-submodules --depth=1 origin +eee88bf9c2234d2ab50d5d867568ad2a7638a9ac:refs/remotes/pull/2/merge
2025-06-04T21:51:49.0758894Z From https://github.com/nochadisfaction/pixelated
2025-06-04T21:51:49.0760053Z  * [new ref]             eee88bf9c2234d2ab50d5d867568ad2a7638a9ac -> pull/2/merge
2025-06-04T21:51:49.0789147Z ##[endgroup]
2025-06-04T21:51:49.0790042Z ##[group]Determining the checkout info
2025-06-04T21:51:49.0791320Z ##[endgroup]
2025-06-04T21:51:49.0797471Z [command]/usr/bin/git sparse-checkout disable
2025-06-04T21:51:49.0840361Z [command]/usr/bin/git config --local --unset-all extensions.worktreeConfig
2025-06-04T21:51:49.0868426Z ##[group]Checking out the ref
2025-06-04T21:51:49.0872125Z [command]/usr/bin/git checkout --progress --force refs/remotes/pull/2/merge
2025-06-04T21:51:50.3338628Z Updating files:   5% (4174/83443)
2025-06-04T21:51:50.4092548Z Updating files:   6% (5007/83443)
2025-06-04T21:51:50.4799675Z Updating files:   7% (5842/83443)
2025-06-04T21:51:50.7286784Z Updating files:   8% (6676/83443)
2025-06-04T21:51:50.7900527Z Updating files:   9% (7510/83443)
2025-06-04T21:51:50.8797057Z Updating files:  10% (8345/83443)
2025-06-04T21:51:50.9346652Z Updating files:  11% (9179/83443)
2025-06-04T21:51:50.9728572Z Updating files:  12% (10014/83443)
2025-06-04T21:51:51.0196191Z Updating files:  13% (10848/83443)
2025-06-04T21:51:51.0847343Z Updating files:  14% (11683/83443)
2025-06-04T21:51:51.1696668Z Updating files:  15% (12517/83443)
2025-06-04T21:51:51.1931692Z Updating files:  15% (13083/83443)
2025-06-04T21:51:51.2918060Z Updating files:  16% (13351/83443)
2025-06-04T21:51:51.4261879Z Updating files:  17% (14186/83443)
2025-06-04T21:51:51.4983028Z Updating files:  18% (15020/83443)
2025-06-04T21:51:51.5717834Z Updating files:  19% (15855/83443)
2025-06-04T21:51:51.6504988Z Updating files:  20% (16689/83443)
2025-06-04T21:51:51.7342536Z Updating files:  21% (17524/83443)
2025-06-04T21:51:51.8211794Z Updating files:  22% (18358/83443)
2025-06-04T21:51:51.9143261Z Updating files:  23% (19192/83443)
2025-06-04T21:51:51.9939411Z Updating files:  24% (20027/83443)
2025-06-04T21:51:52.1029540Z Updating files:  25% (20861/83443)
2025-06-04T21:51:52.1692247Z Updating files:  26% (21696/83443)
2025-06-04T21:51:52.1769183Z Updating files:  26% (22418/83443)
2025-06-04T21:51:52.2571671Z Updating files:  27% (22530/83443)
2025-06-04T21:51:52.3179976Z Updating files:  28% (23365/83443)
2025-06-04T21:51:52.4027069Z Updating files:  29% (24199/83443)
2025-06-04T21:51:52.4701854Z Updating files:  30% (25033/83443)
2025-06-04T21:51:52.5158387Z Updating files:  31% (25868/83443)
2025-06-04T21:51:52.5605036Z Updating files:  32% (26702/83443)
2025-06-04T21:51:52.6586592Z Updating files:  33% (27537/83443)
2025-06-04T21:51:52.6875754Z Updating files:  34% (28371/83443)
2025-06-04T21:51:52.7160454Z Updating files:  35% (29206/83443)
2025-06-04T21:51:52.7440886Z Updating files:  36% (30040/83443)
2025-06-04T21:51:52.7721653Z Updating files:  37% (30874/83443)
2025-06-04T21:51:52.7996116Z Updating files:  38% (31709/83443)
2025-06-04T21:51:52.8266906Z Updating files:  39% (32543/83443)
2025-06-04T21:51:52.8544054Z Updating files:  40% (33378/83443)
2025-06-04T21:51:52.8816804Z Updating files:  41% (34212/83443)
2025-06-04T21:51:52.9093055Z Updating files:  42% (35047/83443)
2025-06-04T21:51:52.9370625Z Updating files:  43% (35881/83443)
2025-06-04T21:51:52.9654540Z Updating files:  44% (36715/83443)
2025-06-04T21:51:52.9938488Z Updating files:  45% (37550/83443)
2025-06-04T21:51:53.0229830Z Updating files:  46% (38384/83443)
2025-06-04T21:51:53.0514306Z Updating files:  47% (39219/83443)
2025-06-04T21:51:53.0810851Z Updating files:  48% (40053/83443)
2025-06-04T21:51:53.1091458Z Updating files:  49% (40888/83443)
2025-06-04T21:51:53.1373741Z Updating files:  50% (41722/83443)
2025-06-04T21:51:53.1655562Z Updating files:  51% (42556/83443)
2025-06-04T21:51:53.1689874Z Updating files:  52% (43391/83443)
2025-06-04T21:51:53.1933884Z Updating files:  52% (43493/83443)
2025-06-04T21:51:53.2208895Z Updating files:  53% (44225/83443)
2025-06-04T21:51:53.2495795Z Updating files:  54% (45060/83443)
2025-06-04T21:51:53.2778103Z Updating files:  55% (45894/83443)
2025-06-04T21:51:53.3056405Z Updating files:  56% (46729/83443)
2025-06-04T21:51:53.3349782Z Updating files:  57% (47563/83443)
2025-06-04T21:51:53.3632270Z Updating files:  58% (48397/83443)
2025-06-04T21:51:53.3905862Z Updating files:  59% (49232/83443)
2025-06-04T21:51:53.4188112Z Updating files:  60% (50066/83443)
2025-06-04T21:51:53.4466427Z Updating files:  61% (50901/83443)
2025-06-04T21:51:53.4742005Z Updating files:  62% (51735/83443)
2025-06-04T21:51:53.5019542Z Updating files:  63% (52570/83443)
2025-06-04T21:51:53.5302901Z Updating files:  64% (53404/83443)
2025-06-04T21:51:53.5690115Z Updating files:  65% (54238/83443)
2025-06-04T21:51:53.6645435Z Updating files:  66% (55073/83443)
2025-06-04T21:51:53.7474947Z Updating files:  67% (55907/83443)
2025-06-04T21:51:53.8249169Z Updating files:  68% (56742/83443)
2025-06-04T21:51:53.8718654Z Updating files:  69% (57576/83443)
2025-06-04T21:51:53.9626783Z Updating files:  70% (58411/83443)
2025-06-04T21:51:54.0437934Z Updating files:  71% (59245/83443)
2025-06-04T21:51:54.1578216Z Updating files:  72% (60079/83443)
2025-06-04T21:51:54.1690850Z Updating files:  73% (60914/83443)
2025-06-04T21:51:54.2506350Z Updating files:  73% (60973/83443)
2025-06-04T21:51:54.3338213Z Updating files:  74% (61748/83443)
2025-06-04T21:51:54.4072036Z Updating files:  75% (62583/83443)
2025-06-04T21:51:54.5007573Z Updating files:  76% (63417/83443)
2025-06-04T21:51:54.5805048Z Updating files:  77% (64252/83443)
2025-06-04T21:51:54.7066498Z Updating files:  78% (65086/83443)
2025-06-04T21:51:54.7936940Z Updating files:  79% (65920/83443)
2025-06-04T21:51:54.8715894Z Updating files:  80% (66755/83443)
2025-06-04T21:51:54.9808665Z Updating files:  81% (67589/83443)
2025-06-04T21:51:55.0465714Z Updating files:  82% (68424/83443)
2025-06-04T21:51:55.1126649Z Updating files:  83% (69258/83443)
2025-06-04T21:51:55.1693196Z Updating files:  84% (70093/83443)
2025-06-04T21:51:55.1963035Z Updating files:  84% (70806/83443)
2025-06-04T21:51:55.2895218Z Updating files:  85% (70927/83443)
2025-06-04T21:51:55.3752789Z Updating files:  86% (71761/83443)
2025-06-04T21:51:55.4809101Z Updating files:  87% (72596/83443)
2025-06-04T21:51:55.5469050Z Updating files:  88% (73430/83443)
2025-06-04T21:51:55.6092182Z Updating files:  89% (74265/83443)
2025-06-04T21:51:55.6652192Z Updating files:  90% (75099/83443)
2025-06-04T21:51:55.7590483Z Updating files:  91% (75934/83443)
2025-06-04T21:51:55.8457489Z Updating files:  92% (76768/83443)
2025-06-04T21:51:55.9387026Z Updating files:  93% (77602/83443)
2025-06-04T21:51:56.0700856Z Updating files:  94% (78437/83443)
2025-06-04T21:51:56.1441334Z Updating files:  95% (79271/83443)
2025-06-04T21:51:56.1713306Z Updating files:  96% (80106/83443)
2025-06-04T21:51:56.2210904Z Updating files:  96% (80334/83443)
2025-06-04T21:51:56.2761341Z Updating files:  97% (80940/83443)
2025-06-04T21:51:56.4306764Z Updating files:  98% (81775/83443)
2025-06-04T21:51:56.4853950Z Updating files:  99% (82609/83443)
2025-06-04T21:51:56.4855216Z Updating files: 100% (83443/83443)
2025-06-04T21:51:56.4855728Z Updating files: 100% (83443/83443), done.
2025-06-04T21:51:56.5946742Z Note: switching to 'refs/remotes/pull/2/merge'.
2025-06-04T21:51:56.5947519Z 
2025-06-04T21:51:56.5948042Z You are in 'detached HEAD' state. You can look around, make experimental
2025-06-04T21:51:56.5949510Z changes and commit them, and you can discard any commits you make in this
2025-06-04T21:51:56.5950585Z state without impacting any branches by switching back to a branch.
2025-06-04T21:51:56.5951057Z 
2025-06-04T21:51:56.5951334Z If you want to create a new branch to retain commits you create, you may
2025-06-04T21:51:56.5952308Z do so (now or later) by using -c with the switch command. Example:
2025-06-04T21:51:56.5952659Z 
2025-06-04T21:51:56.5952824Z   git switch -c <new-branch-name>
2025-06-04T21:51:56.5953105Z 
2025-06-04T21:51:56.5953251Z Or undo this operation with:
2025-06-04T21:51:56.5953486Z 
2025-06-04T21:51:56.5953601Z   git switch -
2025-06-04T21:51:56.5953764Z 
2025-06-04T21:51:56.5954025Z Turn off this advice by setting config variable advice.detachedHead to false
2025-06-04T21:51:56.5954461Z 
2025-06-04T21:51:56.5955174Z HEAD is now at eee88bf9c Merge a7ab312bee181441b3edbb4a374fb42bff08c442 into a01b55b8ccd924680002ffc57ed60baa1f256fdc
2025-06-04T21:51:56.7652866Z ##[endgroup]
2025-06-04T21:51:56.7654023Z ##[group]Setting up auth for fetching submodules
2025-06-04T21:51:56.7659740Z [command]/usr/bin/git config --global http.https://github.com/.extraheader AUTHORIZATION: basic ***
2025-06-04T21:51:56.7703738Z [command]/usr/bin/git config --global --unset-all url.https://github.com/.insteadOf
2025-06-04T21:51:56.7802635Z [command]/usr/bin/git config --global --add url.https://github.com/.insteadOf git@github.com:
2025-06-04T21:51:56.7804745Z [command]/usr/bin/git config --global --add url.https://github.com/.insteadOf org-150661001@github.com:
2025-06-04T21:51:56.7806454Z ##[endgroup]
2025-06-04T21:51:56.7806979Z ##[group]Fetching submodules
2025-06-04T21:51:56.7807443Z [command]/usr/bin/git submodule sync --recursive
2025-06-04T21:51:56.8109138Z [command]/usr/bin/git -c protocol.version=2 submodule update --init --force --depth=1 --recursive
2025-06-04T21:51:56.8428316Z [command]/usr/bin/git submodule foreach --recursive git config --local gc.auto 0
2025-06-04T21:51:56.8732552Z ##[endgroup]
2025-06-04T21:51:56.8732977Z ##[group]Persisting credentials for submodules
2025-06-04T21:51:56.8739741Z [command]/usr/bin/git submodule foreach --recursive sh -c "git config --local --name-only --get-regexp 'url\.https\:\/\/github\.com\/\.insteadOf' && git config --local --unset-all 'url.https://github.com/.insteadOf' || :"
2025-06-04T21:51:56.9049549Z [command]/usr/bin/git submodule foreach --recursive sh -c "git config --local 'http.https://github.com/.extraheader' 'AUTHORIZATION: basic ***' && git config --local --show-origin --name-only --get-regexp remote.origin.url"
2025-06-04T21:51:56.9364536Z [command]/usr/bin/git submodule foreach --recursive git config --local --add 'url.https://github.com/.insteadOf' 'git@github.com:'
2025-06-04T21:51:56.9680553Z [command]/usr/bin/git submodule foreach --recursive git config --local --add 'url.https://github.com/.insteadOf' 'org-150661001@github.com:'
2025-06-04T21:51:57.0014990Z ##[endgroup]
2025-06-04T21:51:57.0054312Z [command]/usr/bin/git log -1 --format=%H
2025-06-04T21:51:57.0076949Z eee88bf9c2234d2ab50d5d867568ad2a7638a9ac
2025-06-04T21:51:57.0287800Z ##[group]Run actions/setup-node@v4
2025-06-04T21:51:57.0288074Z with:
2025-06-04T21:51:57.0288265Z   node-version: 22.x
2025-06-04T21:51:57.0288461Z   always-auth: false
2025-06-04T21:51:57.0288658Z   check-latest: false
2025-06-04T21:51:57.0289005Z   token: ***
2025-06-04T21:51:57.0289178Z env:
2025-06-04T21:51:57.0289427Z   PNPM_HOME: /home/runner/work/pixelated/pixelated/.pnpm
2025-06-04T21:51:57.0289756Z   REDIS_URL: redis://localhost:6379
2025-06-04T21:51:57.0290013Z   REDIS_KEY_PREFIX: test:
2025-06-04T21:51:57.0290221Z   VITEST_TIMEOUT: 30000
2025-06-04T21:51:57.0290423Z   SKIP_REDIS_TESTS: true
2025-06-04T21:51:57.0290616Z   SKIP_FHE_TESTS: true
2025-06-04T21:51:57.0290821Z   SKIP_BROWSER_COMPAT_TESTS: true
2025-06-04T21:51:57.0291038Z ##[endgroup]
2025-06-04T21:51:57.2073900Z Found in cache @ /opt/hostedtoolcache/node/22.15.0/x64
2025-06-04T21:51:57.2080755Z ##[group]Environment details
2025-06-04T21:51:58.9761025Z node: v22.15.0
2025-06-04T21:51:58.9761396Z npm: 10.9.2
2025-06-04T21:51:58.9764353Z yarn: 1.22.22
2025-06-04T21:51:58.9765297Z ##[endgroup]
2025-06-04T21:51:58.9880016Z ##[group]Run corepack enable
2025-06-04T21:51:58.9880344Z [36;1mcorepack enable[0m
2025-06-04T21:51:59.0084201Z shell: /usr/bin/bash -e {0}
2025-06-04T21:51:59.0084524Z env:
2025-06-04T21:51:59.0085054Z   PNPM_HOME: /home/runner/work/pixelated/pixelated/.pnpm
2025-06-04T21:51:59.0085419Z   REDIS_URL: redis://localhost:6379
2025-06-04T21:51:59.0085681Z   REDIS_KEY_PREFIX: test:
2025-06-04T21:51:59.0085895Z   VITEST_TIMEOUT: 30000
2025-06-04T21:51:59.0086104Z   SKIP_REDIS_TESTS: true
2025-06-04T21:51:59.0086309Z   SKIP_FHE_TESTS: true
2025-06-04T21:51:59.0086526Z   SKIP_BROWSER_COMPAT_TESTS: true
2025-06-04T21:51:59.0086769Z ##[endgroup]
2025-06-04T21:51:59.2611285Z ##[group]Run pnpm/action-setup@v4
2025-06-04T21:51:59.2611556Z with:
2025-06-04T21:51:59.2611727Z   version: 10.11.0
2025-06-04T21:51:59.2611916Z   run_install: false
2025-06-04T21:51:59.2612104Z   dest: ~/setup-pnpm
2025-06-04T21:51:59.2612324Z   package_json_file: package.json
2025-06-04T21:51:59.2612548Z   standalone: false
2025-06-04T21:51:59.2612730Z env:
2025-06-04T21:51:59.2612952Z   PNPM_HOME: /home/runner/work/pixelated/pixelated/.pnpm
2025-06-04T21:51:59.2613273Z   REDIS_URL: redis://localhost:6379
2025-06-04T21:51:59.2613687Z   REDIS_KEY_PREFIX: test:
2025-06-04T21:51:59.2613897Z   VITEST_TIMEOUT: 30000
2025-06-04T21:51:59.2614092Z   SKIP_REDIS_TESTS: true
2025-06-04T21:51:59.2614285Z   SKIP_FHE_TESTS: true
2025-06-04T21:51:59.2614488Z   SKIP_BROWSER_COMPAT_TESTS: true
2025-06-04T21:51:59.2614703Z ##[endgroup]
2025-06-04T21:51:59.3166191Z ##[group]Running self-installer...
2025-06-04T21:51:59.8550629Z Progress: resolved 1, reused 0, downloaded 0, added 0
2025-06-04T21:51:59.8669906Z Packages: +1
2025-06-04T21:51:59.8670177Z +
2025-06-04T21:52:00.3033918Z Progress: resolved 1, reused 0, downloaded 1, added 1, done
2025-06-04T21:52:00.3539824Z 
2025-06-04T21:52:00.3540328Z dependencies:
2025-06-04T21:52:00.3540871Z + pnpm 10.11.0 (10.11.1 is available)
2025-06-04T21:52:00.3541141Z 
2025-06-04T21:52:00.3568080Z Done in 876ms
2025-06-04T21:52:00.3746732Z ##[endgroup]
2025-06-04T21:52:00.3750357Z Installation Completed!
2025-06-04T21:52:00.3830723Z ##[group]Run mkdir -p /home/runner/setup-pnpm/node_modules/.bin
2025-06-04T21:52:00.3831220Z [36;1mmkdir -p /home/runner/setup-pnpm/node_modules/.bin[0m
2025-06-04T21:52:00.3831638Z [36;1mecho "/home/runner/setup-pnpm/node_modules/.bin" >> $GITHUB_PATH[0m
2025-06-04T21:52:00.3883184Z shell: /usr/bin/bash -e {0}
2025-06-04T21:52:00.3883422Z env:
2025-06-04T21:52:00.3883660Z   PNPM_HOME: /home/runner/setup-pnpm/node_modules/.bin
2025-06-04T21:52:00.3884000Z   REDIS_URL: redis://localhost:6379
2025-06-04T21:52:00.3884250Z   REDIS_KEY_PREFIX: test:
2025-06-04T21:52:00.3884460Z   VITEST_TIMEOUT: 30000
2025-06-04T21:52:00.3884663Z   SKIP_REDIS_TESTS: true
2025-06-04T21:52:00.3885018Z   SKIP_FHE_TESTS: true
2025-06-04T21:52:00.3885223Z   SKIP_BROWSER_COMPAT_TESTS: true
2025-06-04T21:52:00.3885446Z ##[endgroup]
2025-06-04T21:52:00.3997205Z ##[group]Run echo "STORE_PATH=$(pnpm store path)" >> $GITHUB_OUTPUT
2025-06-04T21:52:00.3997654Z [36;1mecho "STORE_PATH=$(pnpm store path)" >> $GITHUB_OUTPUT[0m
2025-06-04T21:52:00.4051316Z shell: /usr/bin/bash --noprofile --norc -e -o pipefail {0}
2025-06-04T21:52:00.4051659Z env:
2025-06-04T21:52:00.4051886Z   PNPM_HOME: /home/runner/setup-pnpm/node_modules/.bin
2025-06-04T21:52:00.4052211Z   REDIS_URL: redis://localhost:6379
2025-06-04T21:52:00.4052471Z   REDIS_KEY_PREFIX: test:
2025-06-04T21:52:00.4052678Z   VITEST_TIMEOUT: 30000
2025-06-04T21:52:00.4052885Z   SKIP_REDIS_TESTS: true
2025-06-04T21:52:00.4053094Z   SKIP_FHE_TESTS: true
2025-06-04T21:52:00.4053305Z   SKIP_BROWSER_COMPAT_TESTS: true
2025-06-04T21:52:00.4053536Z ##[endgroup]
2025-06-04T21:52:07.6232321Z ##[group]Run actions/cache@v4
2025-06-04T21:52:07.6232578Z with:
2025-06-04T21:52:07.6232826Z   path: /home/runner/setup-pnpm/node_modules/.bin/store/v10
2025-06-04T21:52:07.6233320Z   key: Linux-pnpm-store-d40f7695f5fc24af859f4094fb70e2049dae2fa1d650dd8184c1fce824f04d32
2025-06-04T21:52:07.6233767Z   restore-keys: Linux-pnpm-store-

2025-06-04T21:52:07.6234019Z   enableCrossOsArchive: false
2025-06-04T21:52:07.6234257Z   fail-on-cache-miss: false
2025-06-04T21:52:07.6234492Z   lookup-only: false
2025-06-04T21:52:07.6234698Z   save-always: false
2025-06-04T21:52:07.6235148Z env:
2025-06-04T21:52:07.6235385Z   PNPM_HOME: /home/runner/setup-pnpm/node_modules/.bin
2025-06-04T21:52:07.6235705Z   REDIS_URL: redis://localhost:6379
2025-06-04T21:52:07.6235955Z   REDIS_KEY_PREFIX: test:
2025-06-04T21:52:07.6236165Z   VITEST_TIMEOUT: 30000
2025-06-04T21:52:07.6236359Z   SKIP_REDIS_TESTS: true
2025-06-04T21:52:07.6236556Z   SKIP_FHE_TESTS: true
2025-06-04T21:52:07.6236800Z   SKIP_BROWSER_COMPAT_TESTS: true
2025-06-04T21:52:07.6237023Z ##[endgroup]
2025-06-04T21:52:07.8365181Z Cache hit for: Linux-pnpm-store-d40f7695f5fc24af859f4094fb70e2049dae2fa1d650dd8184c1fce824f04d32
2025-06-04T21:52:08.8976424Z Received 230686720 of 650543306 (35.5%), 218.9 MBs/sec
2025-06-04T21:52:09.8932063Z Received 457179136 of 650543306 (70.3%), 217.6 MBs/sec
2025-06-04T21:52:10.6778091Z Received 650543306 of 650543306 (100.0%), 222.4 MBs/sec
2025-06-04T21:52:10.6780408Z Cache Size: ~620 MB (650543306 B)
2025-06-04T21:52:10.6824192Z [command]/usr/bin/tar -xf /home/runner/work/_temp/06d3775d-15df-4065-a72f-92c1d3841e72/cache.tzst -P -C /home/runner/work/pixelated/pixelated --use-compress-program unzstd
2025-06-04T21:52:18.6572572Z Cache restored successfully
2025-06-04T21:52:18.7815756Z Cache restored from key: Linux-pnpm-store-b3446d8c68abd51a30aaf9ae3f7360bf88b6376b2942c22c2944d55a191e2319
2025-06-04T21:52:18.7980005Z ##[group]Run pnpm install --no-frozen-lockfile
2025-06-04T21:52:18.7980364Z [36;1mpnpm install --no-frozen-lockfile[0m
2025-06-04T21:52:18.8031231Z shell: /usr/bin/bash -e {0}
2025-06-04T21:52:18.8031465Z env:
2025-06-04T21:52:18.8031706Z   PNPM_HOME: /home/runner/setup-pnpm/node_modules/.bin
2025-06-04T21:52:18.8032027Z   REDIS_URL: redis://localhost:6379
2025-06-04T21:52:18.8032300Z   REDIS_KEY_PREFIX: test:
2025-06-04T21:52:18.8032515Z   VITEST_TIMEOUT: 30000
2025-06-04T21:52:18.8032720Z   SKIP_REDIS_TESTS: true
2025-06-04T21:52:18.8032928Z   SKIP_FHE_TESTS: true
2025-06-04T21:52:18.8033148Z   SKIP_BROWSER_COMPAT_TESTS: true
2025-06-04T21:52:18.8033379Z ##[endgroup]
2025-06-04T21:52:19.1941193Z Lockfile is up to date, resolution step is skipped
2025-06-04T21:52:19.3453627Z Progress: resolved 1, reused 0, downloaded 0, added 0
2025-06-04T21:52:19.6345918Z Packages: +2697
2025-06-04T21:52:19.6346703Z ++++++++++++++++++++++++++++++++++++++++++++++++++++++++++++++++++++++++++++++++
2025-06-04T21:52:20.3502024Z Progress: resolved 2697, reused 894, downloaded 0, added 0
2025-06-04T21:52:21.3507213Z Progress: resolved 2697, reused 2541, downloaded 1, added 4
2025-06-04T21:52:22.3539681Z Progress: resolved 2697, reused 2541, downloaded 153, added 162
2025-06-04T21:52:23.3513474Z Progress: resolved 2697, reused 2541, downloaded 154, added 1040
2025-06-04T21:52:24.3514510Z Progress: resolved 2697, reused 2541, downloaded 154, added 1638
2025-06-04T21:52:25.3244498Z Progress: resolved 2697, reused 2541, downloaded 154, added 2697, done
2025-06-04T21:52:29.9308880Z 
2025-06-04T21:52:29.9309766Z dependencies:
2025-06-04T21:52:29.9310294Z + @ai-sdk/openai 1.3.22
2025-06-04T21:52:29.9310600Z + @astrojs/node 9.2.2
2025-06-04T21:52:29.9310878Z + @astrojs/react 4.3.0
2025-06-04T21:52:29.9311194Z + @aws-sdk/client-dynamodb 3.817.0
2025-06-04T21:52:29.9311524Z + @aws-sdk/client-kms 3.812.0
2025-06-04T21:52:29.9311891Z + @aws-sdk/client-s3 3.817.0
2025-06-04T21:52:29.9312231Z + @aws-sdk/lib-dynamodb 3.817.0
2025-06-04T21:52:29.9312556Z + @aws-sdk/util-dynamodb 3.817.0
2025-06-04T21:52:29.9312860Z + @axe-core/react 4.10.1
2025-06-04T21:52:29.9313135Z + @clerk/astro 2.8.1
2025-06-04T21:52:29.9313463Z + @cloudflare/workers-types 4.20250529.0
2025-06-04T21:52:29.9313798Z + @codesandbox/sdk 2.0.0-rc.3
2025-06-04T21:52:29.9314091Z + @emotion/react 11.14.0
2025-06-04T21:52:29.9314348Z + @emotion/styled 11.14.0
2025-06-04T21:52:29.9314586Z + @eslint/eslintrc 3.3.1
2025-06-04T21:52:29.9314951Z + @eslint/js 9.27.0
2025-06-04T21:52:29.9315211Z + @google-cloud/storage 7.16.0
2025-06-04T21:52:29.9315483Z + @iconify-json/lucide 1.2.44
2025-06-04T21:52:29.9315747Z + @langchain/openai 0.5.11
2025-06-04T21:52:29.9315985Z + @libsql/client 0.15.7
2025-06-04T21:52:29.9316256Z + @mem0/vercel-ai-provider 1.0.5
2025-06-04T21:52:29.9316517Z + @mui/material 7.1.0
2025-06-04T21:52:29.9316777Z + @neondatabase/serverless 1.0.0
2025-06-04T21:52:29.9317027Z + @next/font 14.2.15
2025-06-04T21:52:29.9317299Z + @radix-ui/react-accordion 1.2.11
2025-06-04T21:52:29.9317615Z + @radix-ui/react-alert-dialog 1.1.14
2025-06-04T21:52:29.9317926Z + @radix-ui/react-checkbox 1.3.2
2025-06-04T21:52:29.9318209Z + @radix-ui/react-dialog 1.1.14
2025-06-04T21:52:29.9318476Z + @radix-ui/react-label 2.1.7
2025-06-04T21:52:29.9318761Z + @radix-ui/react-popover 1.1.14
2025-06-04T21:52:29.9319047Z + @radix-ui/react-select 2.2.5
2025-06-04T21:52:29.9319317Z + @radix-ui/react-slider 1.3.5
2025-06-04T21:52:29.9319576Z + @radix-ui/react-slot 1.2.3
2025-06-04T21:52:29.9319851Z + @radix-ui/react-switch 1.2.5
2025-06-04T21:52:29.9320107Z + @radix-ui/react-tabs 1.1.12
2025-06-04T21:52:29.9320775Z + @radix-ui/react-tooltip 1.2.7
2025-06-04T21:52:29.9321231Z + @react-three/fiber 9.1.2
2025-06-04T21:52:29.9321641Z + @sentry/astro 9.15.0
2025-06-04T21:52:29.9322026Z + @supabase/ssr 0.6.1
2025-06-04T21:52:29.9322293Z + @supabase/supabase-js 2.49.8
2025-06-04T21:52:29.9322554Z + @tensorflow/tfjs 4.22.0
2025-06-04T21:52:29.9322827Z + @tensorflow/tfjs-layers 4.22.0
2025-06-04T21:52:29.9323470Z + @testing-library/dom 10.4.0
2025-06-04T21:52:29.9323951Z + @types/ws 8.18.1
2025-06-04T21:52:29.9324450Z + @typescript-eslint/eslint-plugin 8.32.1
2025-06-04T21:52:29.9325162Z + @unocss/reset 0.63.6
2025-06-04T21:52:29.9325596Z + @upstash/redis 1.34.9
2025-06-04T21:52:29.9326017Z + @vercel/analytics 1.5.0
2025-06-04T21:52:29.9326515Z + @vercel/speed-insights 1.2.0
2025-06-04T21:52:29.9326934Z + ai 4.3.16
2025-06-04T21:52:29.9327305Z + astro-compress 2.3.8
2025-06-04T21:52:29.9327686Z + astro-icon 1.1.5
2025-06-04T21:52:29.9328064Z + astro-seo 0.8.4
2025-06-04T21:52:29.9328427Z + aws-sdk 2.1692.0
2025-06-04T21:52:29.9328762Z + axios 1.9.0
2025-06-04T21:52:29.9329086Z + buffer 6.0.3
2025-06-04T21:52:29.9329439Z + chart.js 4.4.9
2025-06-04T21:52:29.9329825Z + circomlib 2.0.5
2025-06-04T21:52:29.9330291Z + class-variance-authority 0.7.1
2025-06-04T21:52:29.9330728Z + clsx 2.1.1
2025-06-04T21:52:29.9331093Z + commander 13.1.0
2025-06-04T21:52:29.9331493Z + composio-core 0.5.39
2025-06-04T21:52:29.9331888Z + convex 1.24.1
2025-06-04T21:52:29.9332252Z + crypto-js 4.2.0
2025-06-04T21:52:29.9332703Z + date-fns 4.1.0
2025-06-04T21:52:29.9333230Z + eslint-plugin-import-x 4.12.2
2025-06-04T21:52:29.9333730Z + eslint-plugin-pnpm 0.3.1
2025-06-04T21:52:29.9334203Z + eslint-plugin-react 7.37.5
2025-06-04T21:52:29.9334728Z + eslint-plugin-react-hooks 5.2.0
2025-06-04T21:52:29.9335458Z + eslint-plugin-unicorn 59.0.1
2025-06-04T21:52:29.9335929Z + eslint-plugin-vue 10.1.0
2025-06-04T21:52:29.9336423Z + eslint-processor-vue-blocks 2.0.0
2025-06-04T21:52:29.9336896Z + fast-glob 3.3.3
2025-06-04T21:52:29.9337260Z + flexsearch 0.8.204
2025-06-04T21:52:29.9337653Z + framer-motion 12.12.1
2025-06-04T21:52:29.9338024Z + gray-matter 4.0.3
2025-06-04T21:52:29.9338352Z + ioredis 5.6.1
2025-06-04T21:52:29.9338667Z + jotai 2.12.4
2025-06-04T21:52:29.9339005Z + lucide-react 0.511.0
2025-06-04T21:52:29.9339370Z + mem0ai 2.1.27
2025-06-04T21:52:29.9339690Z + nanoid 5.1.5
2025-06-04T21:52:29.9340019Z + newrelic 12.20.0
2025-06-04T21:52:29.9340371Z + node-cron 3.0.3
2025-06-04T21:52:29.9340700Z + node-seal 5.1.6
2025-06-04T21:52:29.9341037Z + nprogress 0.2.0
2025-06-04T21:52:29.9341356Z + openai 4.103.0
2025-06-04T21:52:29.9341678Z + pdfkit 0.17.1
2025-06-04T21:52:29.9341984Z + pg 8.16.0
2025-06-04T21:52:29.9342286Z + postgres 3.4.7
2025-06-04T21:52:29.9342603Z + preact 10.26.6
2025-06-04T21:52:29.9342913Z + prismjs 1.30.0
2025-06-04T21:52:29.9343281Z + promise-polyfill 8.3.0
2025-06-04T21:52:29.9343662Z + react 19.1.0
2025-06-04T21:52:29.9344004Z + react-chartjs-2 5.3.0
2025-06-04T21:52:29.9344374Z + react-dom 19.1.0
2025-06-04T21:52:29.9344743Z + react-hook-form 7.56.4
2025-06-04T21:52:29.9345313Z + react-hot-toast 2.5.2
2025-06-04T21:52:29.9345696Z + react-markdown 10.1.0
2025-06-04T21:52:29.9346070Z + react-router-dom 7.6.0
2025-06-04T21:52:29.9346525Z + react-syntax-highlighter 15.6.1
2025-06-04T21:52:29.9346959Z + recharts 2.15.3
2025-06-04T21:52:29.9347275Z + redis 5.1.0
2025-06-04T21:52:29.9347609Z + rehype-sanitize 6.0.0
2025-06-04T21:52:29.9348005Z + rehype-stringify 10.0.1
2025-06-04T21:52:29.9348370Z + remark 15.0.1
2025-06-04T21:52:29.9348694Z + remark-gfm 4.0.1
2025-06-04T21:52:29.9349061Z + remark-parse 11.0.0
2025-06-04T21:52:29.9349495Z + remark-rehype 11.1.2
2025-06-04T21:52:29.9349882Z + resend 4.5.1
2025-06-04T21:52:29.9350273Z + sanitize-html 2.17.0
2025-06-04T21:52:29.9350681Z + simple-git 3.27.0
2025-06-04T21:52:29.9351063Z + snarkjs 0.7.5
2025-06-04T21:52:29.9351408Z + sonner 2.0.3
2025-06-04T21:52:29.9351800Z + tailwind-merge 3.3.0
2025-06-04T21:52:29.9352236Z + task-master-ai 0.16.1
2025-06-04T21:52:29.9352614Z + three 0.176.0
2025-06-04T21:52:29.9353297Z + three-stdlib 2.36.0
2025-06-04T21:52:29.9353686Z + twilio 5.6.1
2025-06-04T21:52:29.9354052Z + unstorage 1.16.0
2025-06-04T21:52:29.9354406Z + uuid 11.1.0
2025-06-04T21:52:29.9354751Z + web-push 3.6.7
2025-06-04T21:52:29.9355331Z + whatwg-fetch 3.6.20
2025-06-04T21:52:29.9355690Z + ws 8.18.2
2025-06-04T21:52:29.9356012Z + zod 3.25.32
2025-06-04T21:52:29.9356641Z + zod-to-json-schema 3.24.5
2025-06-04T21:52:29.9357086Z + zustand 5.0.5
2025-06-04T21:52:29.9357297Z 
2025-06-04T21:52:29.9357453Z devDependencies:
2025-06-04T21:52:29.9357860Z + @antfu/eslint-config 4.13.2
2025-06-04T21:52:29.9358323Z + @ascorbic/feed-loader 1.0.4
2025-06-04T21:52:29.9358755Z + @astrojs/check 0.9.4
2025-06-04T21:52:29.9359164Z + @astrojs/cloudflare 12.5.3
2025-06-04T21:52:29.9359686Z + @astrojs/language-server 2.15.4
2025-06-04T21:52:29.9360209Z + @astrojs/markdown-remark 6.3.2
2025-06-04T21:52:29.9360688Z + @astrojs/mdx 4.3.0
2025-06-04T21:52:29.9361077Z + @astrojs/rss 4.0.11
2025-06-04T21:52:29.9361482Z + @astrojs/sitemap 3.4.0
2025-06-04T21:52:29.9361906Z + @astrojs/ts-plugin 1.10.4
2025-06-04T21:52:29.9362322Z + @astrojs/vercel 8.1.4
2025-06-04T21:52:29.9362838Z + @capacitor/preferences 7.0.1
2025-06-04T21:52:29.9363451Z + @expressive-code/plugin-collapsible-sections 0.41.2
2025-06-04T21:52:29.9364148Z + @expressive-code/plugin-line-numbers 0.41.2
2025-06-04T21:52:29.9364707Z + @flydotio/dockerfile 0.7.10
2025-06-04T21:52:29.9365294Z + @fontsource/dm-mono 5.2.5
2025-06-04T21:52:29.9365732Z + @fontsource/inter 5.2.5
2025-06-04T21:52:29.9366219Z + @fontsource/roboto-condensed 5.2.5
2025-06-04T21:52:29.9366700Z + @iconify/json 2.2.342
2025-06-04T21:52:29.9367184Z + @microsoft/eslint-formatter-sarif 3.1.0
2025-06-04T21:52:29.9367709Z + @playwright/test 1.52.0
2025-06-04T21:52:29.9368150Z + @shadcn/ui 0.0.4
2025-06-04T21:52:29.9368596Z + @testing-library/react 16.3.0
2025-06-04T21:52:29.9369139Z + @testing-library/user-event 14.6.1
2025-06-04T21:52:29.9369632Z + @trunkio/launcher 1.3.4
2025-06-04T21:52:29.9370070Z + @types/archiver 6.0.3
2025-06-04T21:52:29.9370482Z + @types/cheerio 0.22.35
2025-06-04T21:52:29.9370878Z + @types/k6 1.0.2
2025-06-04T21:52:29.9371251Z + @types/mdast 4.0.4
2025-06-04T21:52:29.9371631Z + @types/node 22.15.24
2025-06-04T21:52:29.9372039Z + @types/node-fetch 2.6.12
2025-06-04T21:52:29.9372467Z + @types/nprogress 0.2.3
2025-06-04T21:52:29.9372894Z + @types/p5 1.7.6
2025-06-04T21:52:29.9373291Z + @types/papaparse 5.3.16
2025-06-04T21:52:29.9373704Z + @types/pg 8.15.2
2025-06-04T21:52:29.9374041Z + @types/react 19.1.6
2025-06-04T21:52:29.9374428Z + @types/react-dom 19.1.5
2025-06-04T21:52:29.9375053Z + @types/sanitize-html 2.16.0
2025-06-04T21:52:29.9375489Z + @types/three 0.175.0
2025-06-04T21:52:29.9375876Z + @types/uuid 10.0.0
2025-06-04T21:52:29.9376265Z + @types/web-push 3.6.4
2025-06-04T21:52:29.9376757Z + @typescript-eslint/parser 8.32.1
2025-06-04T21:52:29.9377222Z + @unocss/astro 66.1.3
2025-06-04T21:52:29.9377554Z + @unocss/core 66.1.2
2025-06-04T21:52:29.9378017Z + @unocss/preset-attributify 66.1.2
2025-06-04T21:52:29.9378497Z + @unocss/preset-icons 66.1.2
2025-06-04T21:52:29.9378913Z + @unocss/preset-uno 66.1.2
2025-06-04T21:52:29.9379240Z + @unocss/preset-web-fonts 66.1.2
2025-06-04T21:52:29.9379777Z + @unocss/transformer-directives 66.1.2
2025-06-04T21:52:29.9380382Z + @unocss/transformer-variant-group 66.1.2
2025-06-04T21:52:29.9380850Z + @unocss/vite 66.1.3
2025-06-04T21:52:29.9381247Z + @vitest/coverage-v8 3.1.4
2025-06-04T21:52:29.9381645Z + @vitest/ui 3.1.4
2025-06-04T21:52:29.9382029Z + @vue/runtime-core 3.5.16
2025-06-04T21:52:29.9382528Z + @webcomponents/custom-elements 1.6.0
2025-06-04T21:52:29.9382969Z + archiver 7.0.1
2025-06-04T21:52:29.9383290Z + astro 5.8.0
2025-06-04T21:52:29.9383697Z + astro-expressive-code 0.41.2
2025-06-04T21:52:29.9384197Z + astro-loader-github-prs 1.2.1
2025-06-04T21:52:29.9384711Z + astro-loader-github-releases 2.0.1
2025-06-04T21:52:29.9385404Z + astro-robots-txt 1.0.0
2025-06-04T21:52:29.9385812Z + astro-vitesse 0.5.2
2025-06-04T21:52:29.9386431Z + autoprefixer 10.4.21
2025-06-04T21:52:29.9386801Z + axe-core 4.10.3
2025-06-04T21:52:29.9387134Z + braces 3.0.3
2025-06-04T21:52:29.9387482Z + chalk 5.4.1
2025-06-04T21:52:29.9387790Z + chokidar 4.0.3
2025-06-04T21:52:29.9388126Z + cross-env 7.0.3
2025-06-04T21:52:29.9388448Z + dayjs 1.11.13
2025-06-04T21:52:29.9388747Z + del-cli 6.0.0
2025-06-04T21:52:29.9389053Z + dotenv 16.5.0
2025-06-04T21:52:29.9389516Z + esbuild 0.25.4
2025-06-04T21:52:29.9389830Z + eslint 9.27.0
2025-06-04T21:52:29.9390223Z + eslint-config-prettier 9.1.0
2025-06-04T21:52:29.9390706Z + eslint-plugin-astro 1.3.1
2025-06-04T21:52:29.9391174Z + eslint-plugin-jsx-a11y 6.10.2
2025-06-04T21:52:29.9391655Z + eslint-plugin-oxlint 0.16.11
2025-06-04T21:52:29.9392160Z + eslint-plugin-vitest-globals 1.5.0
2025-06-04T21:52:29.9392605Z + espree 10.3.0
2025-06-04T21:52:29.9392938Z + fsevents 2.3.3
2025-06-04T21:52:29.9393265Z + glob 10.4.5
2025-06-04T21:52:29.9393603Z + glob-parent 6.0.2
2025-06-04T21:52:29.9393947Z + globals 16.1.0
2025-06-04T21:52:29.9394288Z + globby 14.1.0
2025-06-04T21:52:29.9394635Z + hastscript 9.0.1
2025-06-04T21:52:29.9395206Z + html-entities 2.6.0
2025-06-04T21:52:29.9395673Z + intersection-observer 0.12.2
2025-06-04T21:52:29.9396112Z + js-base64 3.7.7
2025-06-04T21:52:29.9396457Z + jsdom 24.1.3
2025-06-04T21:52:29.9396811Z + lint-staged 15.5.2
2025-06-04T21:52:29.9397162Z + madge 8.0.0
2025-06-04T21:52:29.9397555Z + mdast-util-directive 3.1.0
2025-06-04T21:52:29.9398010Z + mdast-util-to-string 4.0.0
2025-06-04T21:52:29.9398444Z + medium-zoom 1.1.0
2025-06-04T21:52:29.9398788Z + mermaid 11.6.0
2025-06-04T21:52:29.9399137Z + micromatch 4.0.8
2025-06-04T21:52:29.9399464Z + oxlint 0.16.11
2025-06-04T21:52:29.9399780Z + p5 1.11.7
2025-06-04T21:52:29.9400115Z + papaparse 5.5.3
2025-06-04T21:52:29.9400494Z + path-browserify 1.0.1
2025-06-04T21:52:29.9400889Z + path-to-regexp 8.2.0
2025-06-04T21:52:29.9401267Z + picomatch 4.0.2
2025-06-04T21:52:29.9401624Z + playwright 1.52.0
2025-06-04T21:52:29.9401968Z + postcss 8.5.3
2025-06-04T21:52:29.9402342Z + postcss-import 16.1.0
2025-06-04T21:52:29.9402812Z + postinstall-postinstall 2.1.0
2025-06-04T21:52:29.9403236Z + prettier 3.5.3
2025-06-04T21:52:29.9403668Z + prettier-plugin-astro 0.14.1
2025-06-04T21:52:29.9404089Z + reading-time 1.5.0
2025-06-04T21:52:29.9404519Z + rehype-autolink-headings 7.1.0
2025-06-04T21:52:29.9405112Z + rehype-callouts 2.1.0
2025-06-04T21:52:29.9405577Z + rehype-external-links 3.0.0
2025-06-04T21:52:29.9405997Z + rehype-katex 7.0.1
2025-06-04T21:52:29.9406413Z + remark-code-import 1.2.0
2025-06-04T21:52:29.9406851Z + remark-directive 3.0.1
2025-06-04T21:52:29.9407282Z + remark-imgattr 1.0.5
2025-06-04T21:52:29.9407692Z + remark-math 6.0.0
2025-06-04T21:52:29.9408047Z + remark-toc 9.0.0
2025-06-04T21:52:29.9408515Z + resize-observer-polyfill 1.5.1
2025-06-04T21:52:29.9408970Z + satori 0.12.2
2025-06-04T21:52:29.9409338Z + satori-html 0.3.2
2025-06-04T21:52:29.9409713Z + scheduler 0.26.0
2025-06-04T21:52:29.9410066Z + sharp 0.33.5
2025-06-04T21:52:29.9410383Z + shiki 3.4.2
2025-06-04T21:52:29.9410633Z + stream-browserify 3.0.0
2025-06-04T21:52:29.9411011Z + supabase 2.23.4
2025-06-04T21:52:29.9411366Z + swiper 11.2.8
2025-06-04T21:52:29.9411699Z + terser 5.39.2
2025-06-04T21:52:29.9412022Z + ts-node 10.9.2
2025-06-04T21:52:29.9412380Z + tsconfig 7.0.0
2025-06-04T21:52:29.9412775Z + tsconfig-paths 4.2.0
2025-06-04T21:52:29.9413159Z + tsx 4.19.4
2025-06-04T21:52:29.9413529Z + typescript 5.8.3
2025-06-04T21:52:29.9413766Z + unocss 66.1.3
2025-06-04T21:52:29.9414072Z + url-polyfill 1.1.13
2025-06-04T21:52:29.9414433Z + util 0.12.5
2025-06-04T21:52:29.9414978Z + vfile 6.0.3
2025-06-04T21:52:29.9415345Z + vite 6.3.5
2025-06-04T21:52:29.9415745Z + vite-tsconfig-paths 5.1.4
2025-06-04T21:52:29.9416164Z + vitest 3.1.4
2025-06-04T21:52:29.9416486Z + vue 3.5.16
2025-06-04T21:52:29.9416816Z + wait-on 7.2.0
2025-06-04T21:52:29.9417196Z + web-animations-js 2.3.2
2025-06-04T21:52:29.9417542Z + wrangler 4.17.0
2025-06-04T21:52:29.9417759Z 
2025-06-04T21:52:30.3602925Z Done in 11.5s using pnpm v10.11.0
2025-06-04T21:52:30.4007376Z ##[group]Run pnpm audit --audit-level=high
2025-06-04T21:52:30.4007988Z [36;1mpnpm audit --audit-level=high[0m
2025-06-04T21:52:30.4069862Z shell: /usr/bin/bash -e {0}
2025-06-04T21:52:30.4070107Z env:
2025-06-04T21:52:30.4070358Z   PNPM_HOME: /home/runner/setup-pnpm/node_modules/.bin
2025-06-04T21:52:30.4070700Z   REDIS_URL: redis://localhost:6379
2025-06-04T21:52:30.4070955Z   REDIS_KEY_PREFIX: test:
2025-06-04T21:52:30.4071176Z   VITEST_TIMEOUT: 30000
2025-06-04T21:52:30.4071381Z   SKIP_REDIS_TESTS: true
2025-06-04T21:52:30.4071579Z   SKIP_FHE_TESTS: true
2025-06-04T21:52:30.4071784Z   SKIP_BROWSER_COMPAT_TESTS: true
2025-06-04T21:52:30.4072016Z ##[endgroup]
2025-06-04T21:52:31.9696504Z ┌─────────────────────┬────────────────────────────────────────────────────────┐
2025-06-04T21:52:31.9697777Z │ high                │ tar-fs can extract outside the specified dir with a    │
2025-06-04T21:52:31.9699351Z │                     │ specific tarball                                       │
2025-06-04T21:52:31.9700726Z ├─────────────────────┼────────────────────────────────────────────────────────┤
2025-06-04T21:52:31.9701906Z │ Package             │ tar-fs                                                 │
2025-06-04T21:52:31.9702907Z ├─────────────────────┼────────────────────────────────────────────────────────┤
2025-06-04T21:52:31.9703527Z │ Vulnerable versions │ >=2.0.0 <2.1.3                                         │
2025-06-04T21:52:31.9704169Z ├─────────────────────┼────────────────────────────────────────────────────────┤
2025-06-04T21:52:31.9704738Z │ Patched versions    │ >=2.1.3                                                │
2025-06-04T21:52:31.9705665Z ├─────────────────────┼────────────────────────────────────────────────────────┤
2025-06-04T21:52:31.9706243Z │ Paths               │ .>mem0ai>sqlite3>prebuild-install>tar-fs               │
2025-06-04T21:52:31.9706865Z ├─────────────────────┼────────────────────────────────────────────────────────┤
2025-06-04T21:52:31.9707541Z │ More info           │ https://github.com/advisories/GHSA-8cj5-5rvv-wf4v      │
2025-06-04T21:52:31.9708175Z └─────────────────────┴────────────────────────────────────────────────────────┘
2025-06-04T21:52:31.9708519Z 2 vulnerabilities found
2025-06-04T21:52:31.9708787Z Severity: 1 low | 1 high
2025-06-04T21:52:31.9801627Z ##[error]Process completed with exit code 1.
2025-06-04T21:52:31.9857903Z Post job cleanup.
2025-06-04T21:52:32.0405059Z Pruning is unnecessary.
2025-06-04T21:52:32.0499725Z Post job cleanup.
2025-06-04T21:52:32.1459537Z [command]/usr/bin/git version
2025-06-04T21:52:32.1497835Z git version 2.49.0
2025-06-04T21:52:32.1541053Z Temporarily overriding HOME='/home/runner/work/_temp/3d0cf484-37c2-4a06-b534-54309f6f4a6d' before making global git config changes
2025-06-04T21:52:32.1542567Z Adding repository directory to the temporary git global config as a safe directory
2025-06-04T21:52:32.1554302Z [command]/usr/bin/git config --global --add safe.directory /home/runner/work/pixelated/pixelated
2025-06-04T21:52:32.1590206Z [command]/usr/bin/git config --local --name-only --get-regexp core\.sshCommand
2025-06-04T21:52:32.1624139Z [command]/usr/bin/git submodule foreach --recursive sh -c "git config --local --name-only --get-regexp 'core\.sshCommand' && git config --local --unset-all 'core.sshCommand' || :"
2025-06-04T21:52:32.1948244Z [command]/usr/bin/git config --local --name-only --get-regexp http\.https\:\/\/github\.com\/\.extraheader
2025-06-04T21:52:32.1976378Z http.https://github.com/.extraheader
2025-06-04T21:52:32.1990486Z [command]/usr/bin/git config --local --unset-all http.https://github.com/.extraheader
2025-06-04T21:52:32.2027483Z [command]/usr/bin/git submodule foreach --recursive sh -c "git config --local --name-only --get-regexp 'http\.https\:\/\/github\.com\/\.extraheader' && git config --local --unset-all 'http.https://github.com/.extraheader' || :"
2025-06-04T21:52:32.2497594Z Cleaning up orphan processes
